test_binary64_rounding_supplementary_unicode_and_safe_sequence (test_beta.AdmissionAndProfileTests.test_binary64_rounding_supplementary_unicode_and_safe_sequence) ... ok
test_committed_test_profile_and_registry_symlink_root (test_beta.AdmissionAndProfileTests.test_committed_test_profile_and_registry_symlink_root) ... ok
test_historical_sixty_cases_through_beta_adapters (test_beta.AdmissionAndProfileTests.test_historical_sixty_cases_through_beta_adapters) ... ok
test_jcs_binary64_cross_language_sample (test_beta.AdmissionAndProfileTests.test_jcs_binary64_cross_language_sample) ... ok
test_profile_fragment_refs_and_unknown_annotations (test_beta.AdmissionAndProfileTests.test_profile_fragment_refs_and_unknown_annotations) ... ok
test_profile_identity_digest_and_order_are_not_substituted (test_beta.AdmissionAndProfileTests.test_profile_identity_digest_and_order_are_not_substituted) ... ok
test_profiles_known_unknown_fail_and_format_annotation (test_beta.AdmissionAndProfileTests.test_profiles_known_unknown_fail_and_format_annotation) ... ok
test_raw_json_boundary_in_both_runtimes (test_beta.AdmissionAndProfileTests.test_raw_json_boundary_in_both_runtimes) ... ok
test_raw_sequence_bounds_survive_rounding (test_beta.AdmissionAndProfileTests.test_raw_sequence_bounds_survive_rounding) ... ok
test_registry_duplicates_digest_substitution_and_containment (test_beta.AdmissionAndProfileTests.test_registry_duplicates_digest_substitution_and_containment) ... ok
test_self_revocation_caveat_does_not_require_generic_basis (test_beta.AdmissionAndProfileTests.test_self_revocation_caveat_does_not_require_generic_basis) ... ok
test_unknown_profile_cannot_raise_class_or_erase_withheld (test_beta.AdmissionAndProfileTests.test_unknown_profile_cannot_raise_class_or_erase_withheld) ... ok
test_unusable_basis_invalidates_run_without_partial_output (test_beta.AdmissionAndProfileTests.test_unusable_basis_invalidates_run_without_partial_output) ... ok
test_body_type_version_and_signature_tampering (test_beta.ProducerTests.test_body_type_version_and_signature_tampering) ... ok
test_chain_cursor_and_resume_and_mutation_isolation (test_beta.ProducerTests.test_chain_cursor_and_resume_and_mutation_isolation) ... ok
test_cli_every_emitter_and_verify_reconcile_negative (test_beta.ProducerTests.test_cli_every_emitter_and_verify_reconcile_negative) ... ok
test_cli_invalid_input_emits_no_partial_results_or_traceback (test_beta.ProducerTests.test_cli_invalid_input_emits_no_partial_results_or_traceback) ... ok
test_clone_location_with_spaces (test_beta.ProducerTests.test_clone_location_with_spaces) ... ok
test_deterministic_fixtures_reproduce_exactly (test_beta.ProducerTests.test_deterministic_fixtures_reproduce_exactly) ... ok
test_four_families_authenticated_and_core (test_beta.ProducerTests.test_four_families_authenticated_and_core) ... ok
test_keygen_file_permissions_and_no_overwrite (test_beta.ProducerTests.test_keygen_file_permissions_and_no_overwrite) ... ok
test_rejected_emission_does_not_consume_position (test_beta.ProducerTests.test_rejected_emission_does_not_consume_position) ... ok
test_request_out_usage_and_batch_duplicate_fail_closed (test_beta.ProducerTests.test_request_out_usage_and_batch_duplicate_fail_closed) ... ok
test_wire_alg_never_selects_suite (test_beta.ProducerTests.test_wire_alg_never_selects_suite) ... ok
test_witness_all_families_and_no_truth_class (test_beta.ProducerTests.test_witness_all_families_and_no_truth_class) ... ok
test_broken_previous_vs_missing_predecessor (test_beta.ReconciliationTests.test_broken_previous_vs_missing_predecessor) ... ok
test_complete_lifecycle_keeps_unknown_total_coverage (test_beta.ReconciliationTests.test_complete_lifecycle_keeps_unknown_total_coverage) ... ok
test_duplicate_global_identity_is_never_resolved_by_chain (test_beta.ReconciliationTests.test_duplicate_global_identity_is_never_resolved_by_chain) ... ok
test_empty_malformed_and_core_only_are_not_success (test_beta.ReconciliationTests.test_empty_malformed_and_core_only_are_not_success) ... ok
test_independence_requires_identity_key_policy_and_authentication (test_beta.ReconciliationTests.test_independence_requires_identity_key_policy_and_authentication) ... ok
test_monotonic_sequence_does_not_invent_a_contiguous_wire_rule (test_beta.ReconciliationTests.test_monotonic_sequence_does_not_invent_a_contiguous_wire_rule) ... ok
test_multiple_executions_effect_for_one_cannot_hide_other (test_beta.ReconciliationTests.test_multiple_executions_effect_for_one_cannot_hide_other) ... ok
test_multiple_instructions_and_partial_observation (test_beta.ReconciliationTests.test_multiple_instructions_and_partial_observation) ... ok
test_observer_requires_execution_family_and_unique_identity (test_beta.ReconciliationTests.test_observer_requires_execution_family_and_unique_identity) ... ok
test_permutation_does_not_select_a_different_outcome (test_beta.ReconciliationTests.test_permutation_does_not_select_a_different_outcome) ... ok
test_required_failure_variants (test_beta.ReconciliationTests.test_required_failure_variants) ... ok
test_unresolved_wrong_family_wrong_chain_references (test_beta.ReconciliationTests.test_unresolved_wrong_family_wrong_chain_references) ... ok
test_wrong_boundary_and_explicit_failed_suppressed_outcomes (test_beta.ReconciliationTests.test_wrong_boundary_and_explicit_failed_suppressed_outcomes) ... ok
test_wrong_decision_and_instruction_digest (test_beta.ReconciliationTests.test_wrong_decision_and_instruction_digest) ... ok

----------------------------------------------------------------------
Ran 39 tests in 24.641s

OK
