valid decision input manifest: PASS (expected PASS)
valid evidence use: PASS (expected PASS)
valid execution link: PASS (expected PASS)
valid bounded effect assurance: PASS (expected PASS)
valid verification package: PASS (expected PASS)
valid assurance claim: PASS (expected PASS)
valid coverage declaration: PASS (expected PASS)
reject manifest duplicate input: REJECT (expected REJECT)
reject manifest missing digest: REJECT (expected REJECT)
reject bare used relation: REJECT (expected REJECT)
reject material use without basis: REJECT (expected REJECT)
reject cross-attempt link: REJECT (expected REJECT)
reject mismatched link types: REJECT (expected REJECT)
reject prevention without mediation: REJECT (expected REJECT)
reject effect with unhealthy observer: REJECT (expected REJECT)
reject effect claim without basis: REJECT (expected REJECT)
reject package missing required artifact: REJECT (expected REJECT)
reject package unknown evidence reference: REJECT (expected REJECT)
reject scalar valid: REJECT (expected REJECT)
reject pass without evidence: REJECT (expected REJECT)
reject reliance on not measured: REJECT (expected REJECT)
reject independent coverage without separation: REJECT (expected REJECT)
reject scalar complete coverage: REJECT (expected REJECT)
reject negative result hiding unknown region: REJECT (expected REJECT)
valid receiver acknowledgement: PASS (expected PASS)
valid enforcement result: PASS (expected PASS)
valid suppressed execution: PASS (expected PASS)
valid source of truth effect observation: PASS (expected PASS)
reject issuer-labelled acknowledgement: REJECT (expected REJECT)
reject acknowledgement without deployment instance: REJECT (expected REJECT)
reject acknowledgement with invalid instruction digest: REJECT (expected REJECT)
reject application after refused acknowledgement: REJECT (expected REJECT)
reject failed application carrying an applied disposition: REJECT (expected REJECT)
reject application disposition substitution: REJECT (expected REJECT)
reject suppressed execution after allow: REJECT (expected REJECT)
reject transport attempt for suppressed execution: REJECT (expected REJECT)
reject execution with negative duration: REJECT (expected REJECT)
reject transport-only effect claim: REJECT (expected REJECT)
reject mismatched observed post state: REJECT (expected REJECT)
reject conclusive effect with unhealthy observer: REJECT (expected REJECT)
valid interruption event residuals accounted: PASS (expected PASS)
valid oversight loss event: PASS (expected PASS)
valid residual capability disposition: PASS (expected PASS)
reject cessation stage without cessation result: REJECT (expected REJECT)
reject primary cessation proven while in-flight pending: REJECT (expected REJECT)
reject interruption claimed at acknowledgement stage: REJECT (expected REJECT)
reject residuals accounted with an unresolved item: REJECT (expected REJECT)
reject high-assurance interruption with sole witness: REJECT (expected REJECT)
reject oversight crossed with continued autonomous operation: REJECT (expected REJECT)
reject holder self-declaration as removed: REJECT (expected REJECT)
reject unaccounted residual while closure claims complete: REJECT (expected REJECT)
reject stop-issued stage claiming proven cessation: REJECT (expected REJECT)
reject cessation-applied stage claiming closure complete: REJECT (expected REJECT)
reject oversight crossed without preventing new high-risk: REJECT (expected REJECT)
valid cessation observed proven: PASS (expected PASS)
reject proven cessation without a confirmed observation: REJECT (expected REJECT)
valid resumption closure complete: PASS (expected PASS)
reject closure complete with unhealthy resumption paths: REJECT (expected REJECT)
reject proven cessation on an unhealthy evidence channel: REJECT (expected REJECT)
valid contamination record: PASS (expected PASS)
valid re-establishment record: PASS (expected PASS)
reject quarantine narrower than affected region: REJECT (expected REJECT)
reject time expiry alone as removal: REJECT (expected REJECT)
reject re-establishment without independent check or remeasurement: REJECT (expected REJECT)
reject affected claim left active pending revalidation: REJECT (expected REJECT)
reject quarantine that omits the dependency region: REJECT (expected REJECT)
valid disclosure manifest: PASS (expected PASS)
valid retention policy binding: PASS (expected PASS)
valid disposition event: PASS (expected PASS)
valid lifecycle record manifest: PASS (expected PASS)
reject withheld artifact not reflected in withheld dimensions: REJECT (expected REJECT)
reject selective disclosure implying no uncommitted artifact: REJECT (expected REJECT)
reject disposition performed without a disposition event: REJECT (expected REJECT)
reject producer assertion presented as independent confirmation: REJECT (expected REJECT)
reject indefinite retention by default: REJECT (expected REJECT)
reject evidence retained contrary to policy supporting a claim: REJECT (expected REJECT)
reject destroyed evidence reported as replayable: REJECT (expected REJECT)
reject collapsed lifecycle records: REJECT (expected REJECT)
reject lifecycle manifest with a self-declared subset: REJECT (expected REJECT)
valid retry attempt: PASS (expected PASS)
valid liveness budget: PASS (expected PASS)
valid liveness closure: PASS (expected PASS)
valid fairness declaration: PASS (expected PASS)
valid failure class response: PASS (expected PASS)
reject retry without a material change: REJECT (expected REJECT)
reject budget exhaustion resolving to implicit success: REJECT (expected REJECT)
reject orphaned obligation with a global PASS: REJECT (expected REJECT)
reject compensation labeled as rollback: REJECT (expected REJECT)
reject repair without revalidating affected evidence: REJECT (expected REJECT)
reject undetected deadlock condition at chain conformance: REJECT (expected REJECT)
reject applicable fairness silently omitted from closure: REJECT (expected REJECT)
reject selected response weaker than the required minimum: REJECT (expected REJECT)
reject failure class self-certifying an understated minimum: REJECT (expected REJECT)
reject liveness closure with a present deadlock condition and success: REJECT (expected REJECT)
reject failure class self-certifying an escalate minimum below the class floor: REJECT (expected REJECT)
valid claim configuration: PASS (expected PASS)
reject configuration identity by product name: REJECT (expected REJECT)
valid nondeterminism record: PASS (expected PASS)
reject post-hoc run design supporting an unqualified claim: REJECT (expected REJECT)
reject probabilistic rediscovery claimed as deterministic: REJECT (expected REJECT)
reject probabilistic rediscovery without exposed variance: REJECT (expected REJECT)
valid probabilistic rediscovery sourced from uncontrolled dependencies: PASS (expected PASS)
reject probabilistic rediscovery with no named nondeterminism source: REJECT (expected REJECT)
valid reliance claim: PASS (expected PASS)
reject reliance inheriting legal meaning without acceptance: REJECT (expected REJECT)
reject non-technical reliance without external acceptance: REJECT (expected REJECT)
reject reliance validity window not positive: REJECT (expected REJECT)
valid observed operating path: PASS (expected PASS)
valid multi-segment observed path claims the weakest link: PASS (expected PASS)
reject declared-capability-only path: REJECT (expected REJECT)
reject undisclosed material assistance: REJECT (expected REJECT)
reject claimed assurance class exceeding the least-assured segment: REJECT (expected REJECT)
reject claimed assurance class below the weakest-link segment: REJECT (expected REJECT)
reject assistance event with no bound affected object: REJECT (expected REJECT)
valid claim coverage registry: PASS (expected PASS)
valid registry carry-forward with structured evidence: PASS (expected PASS)
valid revoked registry with revocation reference: PASS (expected PASS)
reject claim bound to non-content-addressed configuration: REJECT (expected REJECT)
reject active claim after a material config change with no disposition: REJECT (expected REJECT)
reject active claim after a material change invalidated: REJECT (expected REJECT)
reject carry-forward with no structured justification: REJECT (expected REJECT)
reject revoked claim with no revocation reference: REJECT (expected REJECT)
valid under-review registry with review reference: PASS (expected PASS)
reject under-review claim with no review reference: REJECT (expected REJECT)
valid superseded registry with successor reference: PASS (expected PASS)
reject superseded claim with no successor reference: REJECT (expected REJECT)
valid origin contract: PASS (expected PASS)
reject origin contract with duplicate obligation identity: REJECT (expected REJECT)
reject origin contract transformed obligation without lineage: REJECT (expected REJECT)
valid obligation handoff: PASS (expected PASS)
reject observe handoff that discharges: REJECT (expected REJECT)
reject fulfilled handoff accounting for no discharge: REJECT (expected REJECT)
reject rejected handoff that discharges: REJECT (expected REJECT)
reject handoff discharging an obligation it never received: REJECT (expected REJECT)
reject handoff placing an obligation in two terminal categories: REJECT (expected REJECT)
reject terminal disposition before the handoff is fulfilled: REJECT (expected REJECT)
valid structural-equivalence transformation: PASS (expected PASS)
valid authorized-variation transformation: PASS (expected PASS)
reject not-measured transformation that discharges: REJECT (expected REJECT)
reject authorized-variation without authorization: REJECT (expected REJECT)
reject semantic-bounded transformation with no loss vector: REJECT (expected REJECT)
reject exact-representation declaring a lost property: REJECT (expected REJECT)
reject discharging transformation with no successor obligation: REJECT (expected REJECT)
valid fork record: PASS (expected PASS)
reject fork record carrying join-closure fields: REJECT (expected REJECT)
valid join closing the parent: PASS (expected PASS)
reject join closing the parent with incomplete coverage: REJECT (expected REJECT)
reject join using unauthorized last-writer-wins: REJECT (expected REJECT)
reject join record missing the join evaluation: REJECT (expected REJECT)
valid conservation accounting: PASS (expected PASS)
valid conservation accounting with a transformation: PASS (expected PASS)
reject conservation accounting that drops an obligation: REJECT (expected REJECT)
reject conservation accounting with an obligation in two categories: REJECT (expected REJECT)
reject conservation accounting with an unbound transformation successor: REJECT (expected REJECT)
reject global pass while an obligation is unresolved: REJECT (expected REJECT)
valid amendment event: PASS (expected PASS)
reject event that retroactively authorizes: REJECT (expected REJECT)
reject revocation continuing with unestablished reachability: REJECT (expected REJECT)
valid closure with global pass: PASS (expected PASS)
valid non-success closure with complete accounting: PASS (expected PASS)
reject succeeded closure with a failed obligation: REJECT (expected REJECT)
reject global pass beside a non-success terminal outcome: REJECT (expected REJECT)
reject closure with an obligation in two dispositions: REJECT (expected REJECT)
reject succeeded closure without revalidated invariants: REJECT (expected REJECT)
ENAS profiles: 164 matched expected outcomes across five fixture corpora
