JCS cross-runtime agreement  (node present)
  PASS  1                              -> '1'
  PASS  0                              -> '0'
  PASS  -0.0                           -> '0'
  PASS  1.0                            -> '1'
  PASS  100                            -> '100'
  PASS  -5                             -> '-5'
  PASS  1e-07                          -> '1e-7'
  PASS  1.5e+30                        -> '1.5e+30'
  PASS  3.14159                        -> '3.14159'
  PASS  true                           -> 'true'
  PASS  false                          -> 'false'
  PASS  null                           -> 'null'
  PASS  "plain"                        -> '"plain"'
  PASS  "a\"b"                         -> '"a\\"b"'
  PASS  "ünïcode"                      -> '"ünïcode"'
  PASS  [1,2,3]                        -> '[1,2,3]'
  PASS  []                             -> '[]'
  PASS  {}                             -> '{}'
  PASS  {"b":1,"a":2}                  -> '{"a":2,"b":1}'
  PASS  {"z":{"y":1},"a":[true,null,"x"]} -> '{"a":[true,null,"x"],"z":{"y":1}}'
  PASS  {"k":1.0,"n":1e-07,"m":-0.0}   -> '{"k":1,"m":0,"n":1e-7}'
  PASS  {"é":1,"a":2,"Z":3}            -> '{"Z":3,"a":2,"é":1}'
RESULT: all canonical forms agree
